[www.radiustheme.com/demo/html/psdboss/JIP/JIP/all-expense.html]
[backblue.gif]
[fade.gif]
[index.html]
[www.radiustheme.com/demo/html/psdboss/JIP/JIP/img/favicon.png]
[www.radiustheme.com/demo/html/psdboss/JIP/JIP/css/normalize.css]
[www.radiustheme.com/demo/html/psdboss/JIP/JIP/css/main.css]
[www.radiustheme.com/demo/html/psdboss/JIP/JIP/css/bootstrap.min.css]
[www.radiustheme.com/demo/html/psdboss/JIP/JIP/css/all.min.css]
[www.radiustheme.com/demo/html/psdboss/JIP/JIP/fonts/flaticon.css]
[www.radiustheme.com/demo/html/psdboss/JIP/JIP/css/animate.min.css]
[www.radiustheme.com/demo/html/psdboss/JIP/JIP/css/jquery.dataTables.min.css]
[www.radiustheme.com/demo/html/psdboss/JIP/JIP/style.css]
[www.radiustheme.com/demo/html/psdboss/JIP/JIP/js/modernizr-3.6.0.min.js]
[www.radiustheme.com/demo/html/psdboss/JIP/JIP/index.html]
[www.radiustheme.com/demo/html/psdboss/JIP/JIP/img/logo.png]
[www.radiustheme.com/demo/html/psdboss/JIP/JIP/img/figure/admin.jpg]
[www.radiustheme.com/demo/html/psdboss/JIP/JIP/login.html]
[www.radiustheme.com/demo/html/psdboss/JIP/JIP/img/figure/student11.png]
[www.radiustheme.com/demo/html/psdboss/JIP/JIP/img/figure/student12.png]
[www.radiustheme.com/demo/html/psdboss/JIP/JIP/img/figure/student13.png]
[www.radiustheme.com/demo/html/psdboss/JIP/JIP/img/logo1.png]
[www.radiustheme.com/demo/html/psdboss/JIP/JIP/index3.html]
[www.radiustheme.com/demo/html/psdboss/JIP/JIP/index4.html]
[www.radiustheme.com/demo/html/psdboss/JIP/JIP/index5.html]
[www.radiustheme.com/demo/html/psdboss/JIP/JIP/all-student.html]
[www.radiustheme.com/demo/html/psdboss/JIP/JIP/student-details.html]
[www.radiustheme.com/demo/html/psdboss/JIP/JIP/admit-form.html]
[www.radiustheme.com/demo/html/psdboss/JIP/JIP/student-promotion.html]
[www.radiustheme.com/demo/html/psdboss/JIP/JIP/all-teacher.html]
[www.radiustheme.com/demo/html/psdboss/JIP/JIP/teacher-details.html]
[www.radiustheme.com/demo/html/psdboss/JIP/JIP/add-teacher.html]
[www.radiustheme.com/demo/html/psdboss/JIP/JIP/teacher-payment.html]
[www.radiustheme.com/demo/html/psdboss/JIP/JIP/all-parents.html]
[www.radiustheme.com/demo/html/psdboss/JIP/JIP/parents-details.html]
[www.radiustheme.com/demo/html/psdboss/JIP/JIP/add-parents.html]
[www.radiustheme.com/demo/html/psdboss/JIP/JIP/all-book.html]
[www.radiustheme.com/demo/html/psdboss/JIP/JIP/add-book.html]
[www.radiustheme.com/demo/html/psdboss/JIP/JIP/all-fees.html]
[www.radiustheme.com/demo/html/psdboss/JIP/JIP/add-expense.html]
[www.radiustheme.com/demo/html/psdboss/JIP/JIP/all-class.html]
[www.radiustheme.com/demo/html/psdboss/JIP/JIP/add-class.html]
[www.radiustheme.com/demo/html/psdboss/JIP/JIP/all-subject.html]
[www.radiustheme.com/demo/html/psdboss/JIP/JIP/class-routine.html]
[www.radiustheme.com/demo/html/psdboss/JIP/JIP/student-attendence.html]
[www.radiustheme.com/demo/html/psdboss/JIP/JIP/exam-schedule.html]
[www.radiustheme.com/demo/html/psdboss/JIP/JIP/exam-grade.html]
[www.radiustheme.com/demo/html/psdboss/JIP/JIP/transport.html]
[www.radiustheme.com/demo/html/psdboss/JIP/JIP/hostel.html]
[www.radiustheme.com/demo/html/psdboss/JIP/JIP/notice-board.html]
[www.radiustheme.com/demo/html/psdboss/JIP/JIP/messaging.html]
[www.radiustheme.com/demo/html/psdboss/JIP/JIP/notification-alart.html]
[www.radiustheme.com/demo/html/psdboss/JIP/JIP/button.html]
[www.radiustheme.com/demo/html/psdboss/JIP/JIP/grid.html]
[www.radiustheme.com/demo/html/psdboss/JIP/JIP/modal.html]
[www.radiustheme.com/demo/html/psdboss/JIP/JIP/progress-bar.html]
[www.radiustheme.com/demo/html/psdboss/JIP/JIP/ui-tab.html]
[www.radiustheme.com/demo/html/psdboss/JIP/JIP/ui-widget.html]
[www.radiustheme.com/demo/html/psdboss/JIP/JIP/map.html]
[www.radiustheme.com/demo/html/psdboss/JIP/JIP/account-settings.html]
[www.radiustheme.com/demo/html/psdboss/JIP/JIP/js/jquery-3.3.1.min.js]
[www.radiustheme.com/demo/html/psdboss/JIP/JIP/js/plugins.js]
[www.radiustheme.com/demo/html/psdboss/JIP/JIP/js/popper.min.js]
[www.radiustheme.com/demo/html/psdboss/JIP/JIP/js/bootstrap.min.js]
[www.radiustheme.com/demo/html/psdboss/JIP/JIP/js/jquery.dataTables.min.js]
[www.radiustheme.com/demo/html/psdboss/JIP/JIP/js/jquery.scrollUp.min.js]
[www.radiustheme.com/demo/html/psdboss/JIP/JIP/all-expense.html]
[www.radiustheme.com/demo/html/psdboss/JIP/JIP/css/normalize.css]
[www.radiustheme.com/demo/html/psdboss/JIP/JIP/css/main.css]
[www.radiustheme.com/demo/html/psdboss/JIP/JIP/css/bootstrap.min.css]
[www.radiustheme.com/demo/html/psdboss/JIP/JIP/js/main.js]
[www.radiustheme.com/demo/html/psdboss/JIP/JIP/webfonts/fa-brands-400.eot]
[www.radiustheme.com/demo/html/psdboss/JIP/JIP/webfonts/fa-brands-400d41d.eot]
[www.radiustheme.com/demo/html/psdboss/JIP/JIP/webfonts/fa-brands-400.woff2]
[www.radiustheme.com/demo/html/psdboss/JIP/JIP/webfonts/fa-brands-400.woff]
[www.radiustheme.com/demo/html/psdboss/JIP/JIP/webfonts/fa-brands-400.ttf]
[www.radiustheme.com/demo/html/psdboss/JIP/JIP/webfonts/fa-brands-400.svg]
[www.radiustheme.com/demo/html/psdboss/JIP/JIP/webfonts/fa-regular-400.eot]
[www.radiustheme.com/demo/html/psdboss/JIP/JIP/webfonts/fa-regular-400d41d.eot]
[www.radiustheme.com/demo/html/psdboss/JIP/JIP/webfonts/fa-regular-400.woff2]
[www.radiustheme.com/demo/html/psdboss/JIP/JIP/webfonts/fa-regular-400.woff]
[www.radiustheme.com/demo/html/psdboss/JIP/JIP/webfonts/fa-regular-400.ttf]
[www.radiustheme.com/demo/html/psdboss/JIP/JIP/webfonts/fa-regular-400.svg]
[www.radiustheme.com/demo/html/psdboss/JIP/JIP/webfonts/fa-solid-900.eot]
[www.radiustheme.com/demo/html/psdboss/JIP/JIP/webfonts/fa-solid-900d41d.eot]
[www.radiustheme.com/demo/html/psdboss/JIP/JIP/webfonts/fa-solid-900.woff2]
[www.radiustheme.com/demo/html/psdboss/JIP/JIP/webfonts/fa-solid-900.woff]
[www.radiustheme.com/demo/html/psdboss/JIP/JIP/webfonts/fa-solid-900.ttf]
[www.radiustheme.com/demo/html/psdboss/JIP/JIP/webfonts/fa-solid-900.svg]
[www.radiustheme.com/demo/html/psdboss/JIP/JIP/css/all.min.css]
[www.radiustheme.com/demo/html/psdboss/JIP/JIP/fonts/Flaticon.eot]
[www.radiustheme.com/demo/html/psdboss/JIP/JIP/fonts/Flaticond41d.eot]
[www.radiustheme.com/demo/html/psdboss/JIP/JIP/fonts/Flaticon.woff2]
[www.radiustheme.com/demo/html/psdboss/JIP/JIP/fonts/Flaticon.woff]
[www.radiustheme.com/demo/html/psdboss/JIP/JIP/fonts/Flaticon.ttf]
[www.radiustheme.com/demo/html/psdboss/JIP/JIP/fonts/flaticon.css]
[www.radiustheme.com/demo/html/psdboss/JIP/JIP/css/animate.min.css]
[www.radiustheme.com/demo/html/psdboss/JIP/JIP/fonts/Flaticon.svg]
[www.radiustheme.com/demo/html/psdboss/JIP/JIP/images/sort_both.png]
[www.radiustheme.com/demo/html/psdboss/JIP/JIP/images/sort_asc.png]
[www.radiustheme.com/demo/html/psdboss/JIP/JIP/images/sort_desc.png]
[www.radiustheme.com/demo/html/psdboss/JIP/JIP/images/sort_asc_disabled.png]
[www.radiustheme.com/demo/html/psdboss/JIP/JIP/images/sort_desc_disabled.png]
[www.radiustheme.com/demo/html/psdboss/JIP/JIP/css/jquery.dataTables.min.css]
[www.radiustheme.com/demo/html/psdboss/JIP/JIP/img/preloader.gif]
[www.radiustheme.com/demo/html/psdboss/JIP/JIP/img/figure/login-bg.jpg]
[www.radiustheme.com/demo/html/psdboss/JIP/JIP/style.css]
[www.radiustheme.com/demo/html/psdboss/JIP/JIP/css/fullcalendar.min.css]
[www.radiustheme.com/demo/html/psdboss/JIP/JIP/js/jquery.counterup.min.js]
[www.radiustheme.com/demo/html/psdboss/JIP/JIP/js/moment.min.js]
[www.radiustheme.com/demo/html/psdboss/JIP/JIP/js/jquery.waypoints.min.js]
[www.radiustheme.com/demo/html/psdboss/JIP/JIP/js/fullcalendar.min.js]
[www.radiustheme.com/demo/html/psdboss/JIP/JIP/index.html]
[www.radiustheme.com/demo/html/psdboss/JIP/JIP/js/Chart.min.js]
[www.radiustheme.com/demo/html/psdboss/JIP/JIP/img/logo2.png]
[www.radiustheme.com/demo/html/psdboss/JIP/JIP/login.html]
[www.radiustheme.com/demo/html/psdboss/JIP/JIP/img/figure/student.png]
[www.radiustheme.com/demo/html/psdboss/JIP/JIP/index3.html]
[www.radiustheme.com/demo/html/psdboss/JIP/JIP/img/figure/student1.png]
[www.radiustheme.com/demo/html/psdboss/JIP/JIP/index4.html]
[www.radiustheme.com/demo/html/psdboss/JIP/JIP/img/figure/student2.png]
[www.radiustheme.com/demo/html/psdboss/JIP/JIP/img/figure/student3.png]
[www.radiustheme.com/demo/html/psdboss/JIP/JIP/img/figure/student4.png]
[www.radiustheme.com/demo/html/psdboss/JIP/JIP/img/figure/student5.png]
[www.radiustheme.com/demo/html/psdboss/JIP/JIP/img/figure/student6.png]
[www.radiustheme.com/demo/html/psdboss/JIP/JIP/img/figure/student7.png]
[www.radiustheme.com/demo/html/psdboss/JIP/JIP/img/figure/student8.png]
[www.radiustheme.com/demo/html/psdboss/JIP/JIP/img/figure/student9.png]
[www.radiustheme.com/demo/html/psdboss/JIP/JIP/img/figure/student10.png]
[www.radiustheme.com/demo/html/psdboss/JIP/JIP/index5.html]
[www.radiustheme.com/demo/html/psdboss/JIP/JIP/all-student.html]
[www.radiustheme.com/demo/html/psdboss/JIP/JIP/img/figure/student1.jpg]
[www.radiustheme.com/demo/html/psdboss/JIP/JIP/student-details.html]
[www.radiustheme.com/demo/html/psdboss/JIP/JIP/css/select2.min.css]
[www.radiustheme.com/demo/html/psdboss/JIP/JIP/css/datepicker.min.css]
[www.radiustheme.com/demo/html/psdboss/JIP/JIP/js/select2.min.js]
[www.radiustheme.com/demo/html/psdboss/JIP/JIP/admit-form.html]
[www.radiustheme.com/demo/html/psdboss/JIP/JIP/js/datepicker.min.js]
[www.radiustheme.com/demo/html/psdboss/JIP/JIP/js/jquery.smoothscroll.min.js]
[www.radiustheme.com/demo/html/psdboss/JIP/JIP/student-promotion.html]
[www.radiustheme.com/demo/html/psdboss/JIP/JIP/all-teacher.html]
[www.radiustheme.com/demo/html/psdboss/JIP/JIP/img/figure/teacher.jpg]
[www.radiustheme.com/demo/html/psdboss/JIP/JIP/teacher-details.html]
[www.radiustheme.com/demo/html/psdboss/JIP/JIP/add-teacher.html]
[www.radiustheme.com/demo/html/psdboss/JIP/JIP/teacher-payment.html]
[www.radiustheme.com/demo/html/psdboss/JIP/JIP/all-parents.html]
[www.radiustheme.com/demo/html/psdboss/JIP/JIP/img/figure/parents.jpg]
[www.radiustheme.com/demo/html/psdboss/JIP/JIP/parents-details.html]
[www.radiustheme.com/demo/html/psdboss/JIP/JIP/add-parents.html]
[www.radiustheme.com/demo/html/psdboss/JIP/JIP/all-book.html]
[www.radiustheme.com/demo/html/psdboss/JIP/JIP/add-book.html]
[www.radiustheme.com/demo/html/psdboss/JIP/JIP/all-fees.html]
[www.radiustheme.com/demo/html/psdboss/JIP/JIP/add-expense.html]
[www.radiustheme.com/demo/html/psdboss/JIP/JIP/all-class.html]
[www.radiustheme.com/demo/html/psdboss/JIP/JIP/add-class.html]
[www.radiustheme.com/demo/html/psdboss/JIP/JIP/all-subject.html]
[www.radiustheme.com/demo/html/psdboss/JIP/JIP/class-routine.html]
[www.radiustheme.com/demo/html/psdboss/JIP/JIP/student-attendence.html]
[www.radiustheme.com/demo/html/psdboss/JIP/JIP/exam-schedule.html]
[www.radiustheme.com/demo/html/psdboss/JIP/JIP/exam-grade.html]
[www.radiustheme.com/demo/html/psdboss/JIP/JIP/transport.html]
[www.radiustheme.com/demo/html/psdboss/JIP/JIP/hostel.html]
[www.radiustheme.com/demo/html/psdboss/JIP/JIP/notice-board.html]
[www.radiustheme.com/demo/html/psdboss/JIP/JIP/messaging.html]
[www.radiustheme.com/demo/html/psdboss/JIP/JIP/notification-alart.html]
[www.radiustheme.com/demo/html/psdboss/JIP/JIP/button.html]
[www.radiustheme.com/demo/html/psdboss/JIP/JIP/grid.html]
[www.radiustheme.com/demo/html/psdboss/JIP/JIP/modal.html]
[www.radiustheme.com/demo/html/psdboss/JIP/JIP/progress-bar.html]
[www.radiustheme.com/demo/html/psdboss/JIP/JIP/ui-tab.html]
[www.radiustheme.com/demo/html/psdboss/JIP/JIP/ui-widget.html]
[www.radiustheme.com/demo/html/psdboss/JIP/JIP/map.html]
[www.radiustheme.com/demo/html/psdboss/JIP/JIP/js/google-marker-map.js]
[www.radiustheme.com/demo/html/psdboss/JIP/JIP/img/figure/user1.jpg]
[www.radiustheme.com/demo/html/psdboss/JIP/JIP/img/figure/user2.jpg]
[www.radiustheme.com/demo/html/psdboss/JIP/JIP/img/figure/user3.jpg]
[www.radiustheme.com/demo/html/psdboss/JIP/JIP/img/figure/user4.jpg]
[www.radiustheme.com/demo/html/psdboss/JIP/JIP/img/figure/user5.jpg]
[www.radiustheme.com/demo/html/psdboss/JIP/JIP/img/figure/user.jpg]
[www.radiustheme.com/demo/html/psdboss/JIP/JIP/account-settings.html]
[www.radiustheme.com/demo/html/psdboss/JIP/JIP/webfonts/fa-brands-400.html]
[www.radiustheme.com/demo/html/psdboss/JIP/JIP/webfonts/fa-regular-400.html]
[www.radiustheme.com/demo/html/psdboss/JIP/JIP/webfonts/fa-solid-900.html]
[www.radiustheme.com/demo/html/psdboss/JIP/JIP/fonts/Flaticon.svg]
[www.radiustheme.com/demo/html/psdboss/JIP/JIP/images/sort_both.html]
[www.radiustheme.com/demo/html/psdboss/JIP/JIP/images/sort_asc.html]
[www.radiustheme.com/demo/html/psdboss/JIP/JIP/images/sort_desc.html]
[www.radiustheme.com/demo/html/psdboss/JIP/JIP/images/sort_asc_disabled.html]
[www.radiustheme.com/demo/html/psdboss/JIP/JIP/images/sort_desc_disabled.html]
[www.radiustheme.com/demo/html/psdboss/JIP/JIP/css/fullcalendar.min.css]
[www.radiustheme.com/demo/html/psdboss/JIP/JIP/css/select2.min.css]
[www.radiustheme.com/demo/html/psdboss/JIP/JIP/css/datepicker.min.css]
[www.radiustheme.com/demo/html/psdboss/JIP/JIP/js/jquery.smoothscroll.min.html]
